---
source: tests/integration_tests.rs
expression: result.output
---
╔══════════════╗
║API Server│   ║
║──────────┘   ║
║     │        ║
║     │        ║
║     │        ║
║     ▼        ║
║╭────────╮    ║
║├────────┤    ║
║│Database│    ║
║├────────┤    ║
║╰────────╯    ║
║              ║
║              ║
║              ║
║              ║
╚══════════════╝
