---
source: tests/integration_tests.rs
expression: result.output
---
   (╭─╮)        (╭─╮)
   ( ● )        ( ● )
   (╰─╯)        (╰─╯)
     │            │
     │            │
    ┌┘            └─┐
    ▼               ▼
╭──────╮        ╭───────╮
│Active│        │Running│
╰──────╯        ╰───────╯
    │               │
    │               │
    └───────────────┐
      ▼             ▼
  ╭──────╮        (╭─╮)
  │Paused│        ( ◉ )
  ╰──────╯        (╰─╯)
      └─────────────┐
