---
source: tests/issue_tests.rs
expression: first
---
               ┌──────┐
           ┌──▶│Middle│────┐
           │   └──────┘    │
┌─────┐    │               │   ┌───┐
│Start│────┐              ┌───▶│End│
└─────┘    │              │    └───┘
           │              │
           │   ┌─────┐    │
           └──▶│Other│────┘
               └─────┘
